{
  "version": "1.5.0",
  "plugins_used": [
    {
      "name": "ArtifactoryDetector"
    },
    {
      "name": "AWSKeyDetector"
    },
    {
      "name": "AzureStorageKeyDetector"
    },
    {
      "name": "Base64HighEntropyString",
      "limit": 4.5
    },
    {
      "name": "BasicAuthDetector"
    },
    {
      "name": "CloudantDetector"
    },
    {
      "name": "DiscordBotTokenDetector"
    },
    {
      "name": "GitHubTokenDetector"
    },
    {
      "name": "GitLabTokenDetector"
    },
    {
      "name": "HexHighEntropyString",
      "limit": 3.0
    },
    {
      "name": "IbmCloudIamDetector"
    },
    {
      "name": "IbmCosHmacDetector"
    },
    {
      "name": "IPPublicDetector"
    },
    {
      "name": "JwtTokenDetector"
    },
    {
      "name": "KeywordDetector",
      "keyword_exclude": ""
    },
    {
      "name": "MailchimpDetector"
    },
    {
      "name": "NpmDetector"
    },
    {
      "name": "OpenAIDetector"
    },
    {
      "name": "PrivateKeyDetector"
    },
    {
      "name": "PypiTokenDetector"
    },
    {
      "name": "SendGridDetector"
    },
    {
      "name": "SlackDetector"
    },
    {
      "name": "SoftlayerDetector"
    },
    {
      "name": "SquareOAuthDetector"
    },
    {
      "name": "StripeDetector"
    },
    {
      "name": "TelegramBotTokenDetector"
    },
    {
      "name": "TwilioKeyDetector"
    }
  ],
  "filters_used": [
    {
      "path": "detect_secrets.filters.allowlist.is_line_allowlisted"
    },
    {
      "path": "detect_secrets.filters.common.is_ignored_due_to_verification_policies",
      "min_level": 2
    },
    {
      "path": "detect_secrets.filters.heuristic.is_indirect_reference"
    },
    {
      "path": "detect_secrets.filters.heuristic.is_likely_id_string"
    },
    {
      "path": "detect_secrets.filters.heuristic.is_lock_file"
    },
    {
      "path": "detect_secrets.filters.heuristic.is_not_alphanumeric_string"
    },
    {
      "path": "detect_secrets.filters.heuristic.is_potential_uuid"
    },
    {
      "path": "detect_secrets.filters.heuristic.is_prefixed_with_dollar_sign"
    },
    {
      "path": "detect_secrets.filters.heuristic.is_sequential_string"
    },
    {
      "path": "detect_secrets.filters.heuristic.is_swagger_file"
    },
    {
      "path": "detect_secrets.filters.heuristic.is_templated_secret"
    }
  ],
  "results": {
    "src/vuzol/projects/source_catalog.v1.json": [
      {
        "type": "Hex High Entropy String",
        "filename": "src/vuzol/projects/source_catalog.v1.json",
        "hashed_secret": "625e13eb63c1e34b7415f4400ddb69e80c611bf1",
        "is_verified": false,
        "line_number": 10
      },
      {
        "type": "Hex High Entropy String",
        "filename": "src/vuzol/projects/source_catalog.v1.json",
        "hashed_secret": "3c3a52d5368982b334ef44b4c23df850822639bf",
        "is_verified": false,
        "line_number": 27
      },
      {
        "type": "Hex High Entropy String",
        "filename": "src/vuzol/projects/source_catalog.v1.json",
        "hashed_secret": "18bdfef495728baa7af31fcbe4078f83cc4b4677",
        "is_verified": false,
        "line_number": 46
      },
      {
        "type": "Hex High Entropy String",
        "filename": "src/vuzol/projects/source_catalog.v1.json",
        "hashed_secret": "f6d89c566d1fd5beacb14acdb041b38644b0c2f7",
        "is_verified": false,
        "line_number": 64
      }
    ],
    "tests/unit/ops/test_production_deploy.py": [
      {
        "type": "Secret Keyword",
        "filename": "tests/unit/ops/test_production_deploy.py",
        "hashed_secret": "1f755e7520d1f55ec9892ede41179e9327d13f69",
        "is_verified": false,
        "line_number": 114
      }
    ],
    "tests/unit/projects/test_importing.py": [
      {
        "type": "Basic Auth Credentials",
        "filename": "tests/unit/projects/test_importing.py",
        "hashed_secret": "ee977806d7286510da8b9a7492ba58e2484c0ecc",
        "is_verified": false,
        "line_number": 18
      }
    ],
    "tests/unit/projects/test_source_catalog.py": [
      {
        "type": "Hex High Entropy String",
        "filename": "tests/unit/projects/test_source_catalog.py",
        "hashed_secret": "625e13eb63c1e34b7415f4400ddb69e80c611bf1",
        "is_verified": false,
        "line_number": 45
      }
    ],
    "tests/unit/providers/test_grok_adapter.py": [
      {
        "type": "Secret Keyword",
        "filename": "tests/unit/providers/test_grok_adapter.py",
        "hashed_secret": "a01744530414417b90bbd8e2cc5bf3cc35b85784",
        "is_verified": false,
        "line_number": 632
      }
    ],
    "tests/unit/providers/test_openai_adapter.py": [
      {
        "type": "Secret Keyword",
        "filename": "tests/unit/providers/test_openai_adapter.py",
        "hashed_secret": "dbdab9be92cacdae6a97e8601332bfaa8545800f",
        "is_verified": false,
        "line_number": 387
      }
    ]
  },
  "generated_at": "2026-08-24T02:45:54Z"
}
